[www.derrenversoza.com/index.html]
[backblue.gif]
[fade.gif]
[index.html]
[www.derrenversoza.com/cache/stylesc22a.css]
[www.derrenversoza.com/skin/stylesd645.css]
[www.derrenversoza.com/favicon.png]
[www.derrenversoza.com/skin/images/logod645.png]
[www.derrenversoza.com/fashion-2.html]
[www.derrenversoza.com/lifestyle.html]
[www.derrenversoza.com/adventures.html]
[www.derrenversoza.com/contact.html]
[m.22slides.com/derrenversoza/img8458-213360584d5.jpg]
[m.22slides.com/derrenversoza/img8458-2133605de19.jpg]
[m.22slides.com/derrenversoza/180312-sg-su18-04590-206287a4.jpg]
[m.22slides.com/derrenversoza/180312-sg-su18-04590-2062b362.jpg]
[m.22slides.com/derrenversoza/funboybelair1652-2081170b004.jpg]
[m.22slides.com/derrenversoza/funboybelair1652-20811706f8a.jpg]
[m.22slides.com/derrenversoza/funboy-missoni-00517-1-50429a87.jpg]
[m.22slides.com/derrenversoza/funboy-missoni-00517-1-5042aefc.jpg]
[m.22slides.com/derrenversoza/cf05dacf-e052-4935-92c0-0c93807fa254-9039259a.jpg]
[m.22slides.com/derrenversoza/cf05dacf-e052-4935-92c0-0c93807fa254-90396fc5.jpg]
[m.22slides.com/derrenversoza/0h2a6154-5660ad5d.jpg]
[m.22slides.com/derrenversoza/0h2a6154-5660d446.jpg]
[m.22slides.com/derrenversoza/funboybelair2086-1-2075223d52c.jpg]
[m.22slides.com/derrenversoza/funboybelair2086-1-2075223a1ec.jpg]
[m.22slides.com/derrenversoza/img0533-18224770bb3.jpg]
[m.22slides.com/derrenversoza/img0533-1822477e5be.jpg]
[m.22slides.com/derrenversoza/img4862-1822371079a.jpg]
[m.22slides.com/derrenversoza/img4862-1822371c540.jpg]
[m.22slides.com/derrenversoza/mg4366-13647089707.jpg]
[m.22slides.com/derrenversoza/mg4366-13647087b3c.jpg]
[m.22slides.com/derrenversoza/img0637-1822478d5aa.jpg]
[m.22slides.com/derrenversoza/img0637-1822478e14b.jpg]
[m.22slides.com/derrenversoza/mg2260-13647217f4f.jpg]
[m.22slides.com/derrenversoza/mg2260-136472122b0.jpg]
[m.22slides.com/derrenversoza/img3364-1822364182f.jpg]
[m.22slides.com/derrenversoza/img3364-182236475c1.jpg]
[m.22slides.com/derrenversoza/img3881-1822419dd95.jpg]
[m.22slides.com/derrenversoza/img3881-1822419af64.jpg]
[m.22slides.com/derrenversoza/fw17sg3041-2133638e57a.jpg]
[m.22slides.com/derrenversoza/fw17sg3041-21336385a8a.jpg]
[m.22slides.com/derrenversoza/fw17sg5281-2133640730d.jpg]
[m.22slides.com/derrenversoza/fw17sg5281-2133640cc12.jpg]
[m.22slides.com/derrenversoza/fw17sg5480-213364173e8.jpg]
[m.22slides.com/derrenversoza/fw17sg5480-2133641e1c3.jpg]
[m.22slides.com/derrenversoza/img2017sgf170988-20781169391.jpg]
[m.22slides.com/derrenversoza/img2017sgf170988-2078116dca2.jpg]
[m.22slides.com/derrenversoza/img0508-158852966c5.jpg]
[m.22slides.com/derrenversoza/img0508-15885298083.jpg]
[m.22slides.com/derrenversoza/dvp2725-2078121b0b2.jpg]
[m.22slides.com/derrenversoza/dvp2725-2078121dbaa.jpg]
[m.22slides.com/derrenversoza/ddz-2078120a88d.jpg]
[m.22slides.com/derrenversoza/ddz-2078120b47b.jpg]
[m.22slides.com/derrenversoza/mg7a719-13646923730.jpg]
[m.22slides.com/derrenversoza/mg7a719-13646923449.jpg]
[m.22slides.com/derrenversoza/doppler00826-2133562643a.jpg]
[m.22slides.com/derrenversoza/doppler00826-2133562fb2a.jpg]
[m.22slides.com/derrenversoza/doppler00658-21335465ab9.jpg]
[m.22slides.com/derrenversoza/doppler00658-2133546c2d8.jpg]
[m.22slides.com/derrenversoza/img0375-182242775e0.jpg]
[m.22slides.com/derrenversoza/img0375-1822427aeab.jpg]
[m.22slides.com/derrenversoza/img4329-1822420b490.jpg]
[m.22slides.com/derrenversoza/img4329-182242010cc.jpg]
[m.22slides.com/derrenversoza/aa001-13647255a46.jpg]
[m.22slides.com/derrenversoza/aa001-1364725c286.jpg]
[m.22slides.com/derrenversoza/img1988-20478735a57.jpg]
[m.22slides.com/derrenversoza/img1988-204787350c1.jpg]
[m.22slides.com/derrenversoza/img3065-20478763eb3.jpg]
[m.22slides.com/derrenversoza/img3065-2047876e878.jpg]
[m.22slides.com/derrenversoza/img1707-204787279ba.jpg]
[m.22slides.com/derrenversoza/img1707-2047872fa14.jpg]
[m.22slides.com/derrenversoza/img20170215funboy1215-2075224f876.jpg]
[m.22slides.com/derrenversoza/img20170215funboy1215-2075224596a.jpg]
[m.22slides.com/derrenversoza/img20170303belkazanaw1700509-20781173027.jpg]
[m.22slides.com/derrenversoza/img20170303belkazanaw1700509-2078117c7ae.jpg]
[m.22slides.com/derrenversoza/img2016veuvecliquotrich0003-18224238f33.jpg]
[m.22slides.com/derrenversoza/img2016veuvecliquotrich0003-18224230608.jpg]
[m.22slides.com/derrenversoza/img2023image899085-136475387fc.jpg]
[m.22slides.com/derrenversoza/img2023image899085-13647536857.jpg]
[m.22slides.com/derrenversoza/yrdy1-2075221437c.jpg]
[m.22slides.com/derrenversoza/yrdy1-2075221148b.jpg]
[m.22slides.com/derrenversoza/img3224-2138038eee9.jpg]
[m.22slides.com/derrenversoza/img3224-213803820d9.jpg]
[m.22slides.com/derrenversoza/img3215-2138037904d.jpg]
[m.22slides.com/derrenversoza/img3215-21380371f32.jpg]
[m.22slides.com/derrenversoza/img3301-21380391d1e.jpg]
[m.22slides.com/derrenversoza/img3301-21380393713.jpg]
[m.22slides.com/derrenversoza/img2016karenkanemontana0014-1863311c1c3.jpg]
[m.22slides.com/derrenversoza/img2016karenkanemontana0014-1863311d4d9.jpg]
[m.22slides.com/derrenversoza/img2016bikinicleanse057-1588541e042.jpg]
[m.22slides.com/derrenversoza/img2016bikinicleanse057-1588541f225.jpg]
[m.22slides.com/derrenversoza/img0211-copy-18224269fca.jpg]
[m.22slides.com/derrenversoza/img0211-copy-1822426dd16.jpg]
[m.22slides.com/derrenversoza/img2735-1822369eaab.jpg]
[m.22slides.com/derrenversoza/img2735-1822369038e.jpg]
[m.22slides.com/derrenversoza/aud2-2075220008b.jpg]
[m.22slides.com/derrenversoza/aud2-20752204fa8.jpg]
[m.22slides.com/derrenversoza/img0286-1364727190b.jpg]
[m.22slides.com/derrenversoza/img0286-1364727ecc0.jpg]
[m.22slides.com/derrenversoza/mg1443-136469482e3.jpg]
[m.22slides.com/derrenversoza/mg1443-13646948a6b.jpg]
[m.22slides.com/derrenversoza/img0750-1123750-1364759ee4f.jpg]
[m.22slides.com/derrenversoza/img0750-1123750-1364759bbc5.jpg]
[m.22slides.com/derrenversoza/sb020-1364691bf99.jpg]
[m.22slides.com/derrenversoza/sb020-1364691d1c8.jpg]
[m.22slides.com/derrenversoza/img2340-1822368d6ba.jpg]
[m.22slides.com/derrenversoza/img2340-1822368eb3a.jpg]
[m.22slides.com/derrenversoza/img009-13647169faa.jpg]
[m.22slides.com/derrenversoza/img009-13647169f07.jpg]
[m.22slides.com/derrenversoza/img2962-1822428f740.jpg]
[m.22slides.com/derrenversoza/img2962-18224283c56.jpg]
[m.22slides.com/derrenversoza/img019-1364717d332.jpg]
[m.22slides.com/derrenversoza/img019-1364717c970.jpg]
[m.22slides.com/derrenversoza/img004-13647159a96.jpg]
[m.22slides.com/derrenversoza/img004-1364715fa22.jpg]
[m.22slides.com/derrenversoza/img0115-1364718ff95.jpg]
[m.22slides.com/derrenversoza/img0115-1364718fe7a.jpg]
[m.22slides.com/derrenversoza/img0002-1364711b5e4.jpg]
[m.22slides.com/derrenversoza/img0002-13647114f66.jpg]
[m.22slides.com/derrenversoza/img1447-148521908e7.jpg]
[m.22slides.com/derrenversoza/img1447-14852190a66.jpg]
[m.22slides.com/derrenversoza/img1038-14852161ce6.jpg]
[m.22slides.com/derrenversoza/img1038-14852160561.jpg]
[m.22slides.com/derrenversoza/img0033-1364713d4fe.jpg]
[m.22slides.com/derrenversoza/img0033-1364713125c.jpg]
[m.22slides.com/derrenversoza/img5679-13667773286.jpg]
[m.22slides.com/derrenversoza/img5679-13667771101.jpg]
[m.22slides.com/derrenversoza/img3972-18223664653.jpg]
[m.22slides.com/derrenversoza/img3972-1822366ea7b.jpg]
[m.22slides.com/derrenversoza/dddddd-2078119d708.jpg]
[m.22slides.com/derrenversoza/dddddd-20781190fa9.jpg]
[m.22slides.com/derrenversoza/mg0422-136469312e8.jpg]
[m.22slides.com/derrenversoza/mg0422-13646937a72.jpg]
[m.22slides.com/derrenversoza/mg7661-1364696e280.jpg]
[m.22slides.com/derrenversoza/mg7661-136469664ca.jpg]
[m.22slides.com/derrenversoza/img6932-1485223f176.jpg]
[m.22slides.com/derrenversoza/img6932-14852230a7b.jpg]
[m.22slides.com/derrenversoza/dvp3621-2078122470c.jpg]
[m.22slides.com/derrenversoza/dvp3621-2078122c5e1.jpg]
[m.22slides.com/derrenversoza/img7241-14852243794.jpg]
[m.22slides.com/derrenversoza/img7241-1485224f621.jpg]
[m.22slides.com/derrenversoza/0h2a7958-90829d53.jpg]
[m.22slides.com/derrenversoza/0h2a7958-90822c98.jpg]
[m.22slides.com/derrenversoza/180312-sg-su18-01900-580994bc.jpg]
[m.22slides.com/derrenversoza/180312-sg-su18-01900-5809edca.jpg]
[m.22slides.com/derrenversoza/img13-1364702dff9.jpg]
[m.22slides.com/derrenversoza/img13-136470287aa.jpg]
[m.22slides.com/derrenversoza/img0021-1364703f2d0.jpg]
[m.22slides.com/derrenversoza/img0021-13647038be3.jpg]
[m.22slides.com/derrenversoza/img0109a-1076206-136475400ef.jpg]
[m.22slides.com/derrenversoza/img0109a-1076206-13647549442.jpg]
[m.22slides.com/derrenversoza/mg4267-13647067d6a.jpg]
[m.22slides.com/derrenversoza/mg4267-13647066a00.jpg]
[m.22slides.com/derrenversoza/funboybelair1923-20752221ff2.jpg]
[m.22slides.com/derrenversoza/funboybelair1923-2075222656f.jpg]
[m.22slides.com/derrenversoza/img0023-14852296a6e.jpg]
[m.22slides.com/derrenversoza/img0023-1485229a795.jpg]
[m.22slides.com/derrenversoza/img5103-1364698d45c.jpg]
[m.22slides.com/derrenversoza/img5103-1364698ede3.jpg]
[m.22slides.com/derrenversoza/mg6410-13646952538.jpg]
[m.22slides.com/derrenversoza/mg6410-1364695bc4d.jpg]
[m.22slides.com/derrenversoza/img5305-1364720db56.jpg]
[m.22slides.com/derrenversoza/img5305-1364720f4ac.jpg]
[m.22slides.com/derrenversoza/dvp0477-1588531b8cd.jpg]
[m.22slides.com/derrenversoza/dvp0477-158853156d4.jpg]
[m.22slides.com/derrenversoza/dvp0767-15885325d6f.jpg]
[m.22slides.com/derrenversoza/dvp0767-15885326844.jpg]
[m.22slides.com/derrenversoza/img2177-204787469fb.jpg]
[m.22slides.com/derrenversoza/img2177-20478747479.jpg]
[code.jquery.com/jquery-3.3.1.min.js]
[www.derrenversoza.com/index.html]
[www.derrenversoza.com/cache/scriptsc22a.js]
[www.derrenversoza.com/images/trial.png]
[www.derrenversoza.com/images/a-toleft.png]
[www.derrenversoza.com/images/icons/4/500px.svg]
[www.derrenversoza.com/images/icons/4/aboutme.svg]
[www.derrenversoza.com/images/icons/4/artstation.svg]
[www.derrenversoza.com/images/icons/4/behance.svg]
[www.derrenversoza.com/images/icons/4/blogger.svg]
[www.derrenversoza.com/images/icons/4/dribbble.svg]
[www.derrenversoza.com/images/icons/4/ello.svg]
[www.derrenversoza.com/images/icons/4/etsy.svg]
[www.derrenversoza.com/images/icons/4/email.svg]
[www.derrenversoza.com/images/icons/4/facebook.svg]
[www.derrenversoza.com/images/icons/4/flickr.svg]
[www.derrenversoza.com/images/icons/4/fullscreen.svg]
[www.derrenversoza.com/images/icons/4/github.svg]
[www.derrenversoza.com/images/icons/4/googleplus.svg]
[www.derrenversoza.com/images/icons/4/imdb.svg]
[www.derrenversoza.com/images/icons/4/instagram.svg]
[www.derrenversoza.com/images/icons/4/issuu.svg]
[www.derrenversoza.com/images/icons/4/lastfm.svg]
[www.derrenversoza.com/images/icons/4/linkedin.svg]
[www.derrenversoza.com/images/icons/4/myspace.svg]
[www.derrenversoza.com/images/icons/4/path.svg]
[www.derrenversoza.com/images/icons/4/pinterest.svg]
[www.derrenversoza.com/images/icons/4/posterous.svg]
[www.derrenversoza.com/images/icons/4/skype.svg]
[www.derrenversoza.com/images/icons/4/snapchat.svg]
[www.derrenversoza.com/images/icons/4/soundcloud.svg]
[www.derrenversoza.com/images/icons/4/spotify.svg]
[www.derrenversoza.com/images/icons/4/tumblr.svg]
[www.derrenversoza.com/images/icons/4/twitter.svg]
[www.derrenversoza.com/images/icons/4/vimeo.svg]
[www.derrenversoza.com/images/icons/4/vk.svg]
[www.derrenversoza.com/images/icons/4/vsco.svg]
[www.derrenversoza.com/images/icons/4/whatsapp.svg]
[www.derrenversoza.com/images/icons/4/wordpress.svg]
[www.derrenversoza.com/images/icons/4/yelp.svg]
[www.derrenversoza.com/images/icons/4/youtube.svg]
[www.derrenversoza.com/images/share/facebook.svg]
[www.derrenversoza.com/images/share/twitter.svg]
[www.derrenversoza.com/images/share/pinterest.svg]
[www.derrenversoza.com/images/a-back.svg]
[www.derrenversoza.com/images/a-next.svg]
[www.derrenversoza.com/images/loading.gif]
[www.derrenversoza.com/images/a-close-lightbox.svg]
[www.derrenversoza.com/skin/images/bg-bodyacf4.png]
[www.derrenversoza.com/skin/images/bg-header-bleedacf4.png]
[www.derrenversoza.com/skin/images/bg-headeracf4.png]
[www.derrenversoza.com/skin/images/bg-header-wide-homeacf4.png]
[www.derrenversoza.com/skin/images/bg-header-wideacf4.png]
[www.derrenversoza.com/skin/images/bg-header-home-bleedacf4.png]
[www.derrenversoza.com/skin/images/logoacf4.png]
[www.derrenversoza.com/skin/images/bg-navigationacf4.png]
[www.derrenversoza.com/skin/images/bg-contentacf4.png]
[www.derrenversoza.com/skin/images/bg-footer-bleedacf4.png]
[www.derrenversoza.com/cache/stylesc22a.css]
[www.derrenversoza.com/skin/images/bg-bodyd645.png]
[www.derrenversoza.com/skin/images/bg-header-bleedd645.png]
[www.derrenversoza.com/skin/images/bg-headerd645.png]
[www.derrenversoza.com/skin/images/bg-navigationd645.png]
[www.derrenversoza.com/skin/images/bg-contentd645.png]
[www.derrenversoza.com/skin/images/bg-footer-bleedd645.png]
[www.derrenversoza.com/skin/stylesd645.css]
[m.22slides.com/derrenversoza/img0569-1904001077a.jpg]
[m.22slides.com/derrenversoza/img0968-19040023642.jpg]
[m.22slides.com/derrenversoza/img6495-2083223675b.jpg]
[m.22slides.com/derrenversoza/img2174-2083222b251.jpg]
[m.22slides.com/derrenversoza/salvation00367-21336341e85.jpg]
[m.22slides.com/derrenversoza/salvation00857-2133631e98d.jpg]
[m.22slides.com/derrenversoza/salvation01014-21336321abb.jpg]
[m.22slides.com/derrenversoza/salvation00221-21336293b87.jpg]
[m.22slides.com/derrenversoza/salvation00592-2133630b243.jpg]
[m.22slides.com/derrenversoza/img2735-19040030c1f.jpg]
[m.22slides.com/derrenversoza/img2778-19040042c0a.jpg]
[m.22slides.com/derrenversoza/img3741-19040056bbc.jpg]
[m.22slides.com/derrenversoza/img5319-190400946cc.jpg]
[m.22slides.com/derrenversoza/img5306-1904008c8a6.jpg]
[m.22slides.com/derrenversoza/img0115-1225157b4b0.jpg]
[m.22slides.com/derrenversoza/img1030-1484867f91a.jpg]
[m.22slides.com/derrenversoza/img1431-1906274a6df.jpg]
[m.22slides.com/derrenversoza/img0093-1493869a4b3.jpg]
[m.22slides.com/derrenversoza/img0181-14938734a22.jpg]
[m.22slides.com/derrenversoza/img0004-1076163ffc2.jpg]
[m.22slides.com/derrenversoza/img0316-1904022fd41.jpg]
[m.22slides.com/derrenversoza/img0464-19040237a6a.jpg]
[m.22slides.com/derrenversoza/img0234-19040217cd8.jpg]
[m.22slides.com/derrenversoza/img0001-1076177bce5.jpg]
[m.22slides.com/derrenversoza/img0010-10762204e53.jpg]
[m.22slides.com/derrenversoza/img0002-10762544d0d.jpg]
[m.22slides.com/derrenversoza/img0033-107625813b7.jpg]
[m.22slides.com/derrenversoza/mg1443-13650132d28.jpg]
[m.22slides.com/derrenversoza/img1063-11237510c89.jpg]
[m.22slides.com/derrenversoza/mg0422-1262990593c.jpg]
[m.22slides.com/derrenversoza/mg2249-13650215c9f.jpg]
[m.22slides.com/derrenversoza/img0406-149388218be.jpg]
[m.22slides.com/derrenversoza/img0472-1493886f266.jpg]
[m.22slides.com/derrenversoza/sb020-10761487c13.jpg]
[m.22slides.com/derrenversoza/img0017-10761710983.jpg]
[m.22slides.com/derrenversoza/img004-107616635b0.jpg]
[m.22slides.com/derrenversoza/img009-1076167439e.jpg]
[m.22slides.com/derrenversoza/img0011-10762029400.jpg]
[m.22slides.com/derrenversoza/2023_image_582606aa2b.jpg]
[m.22slides.com/derrenversoza/img0001-1076242e263.jpg]
[m.22slides.com/derrenversoza/img0208-190399338e4.jpg]
[m.22slides.com/derrenversoza/img0482-190399498f0.jpg]
[m.22slides.com/derrenversoza/img1009-190399517a8.jpg]
[m.22slides.com/derrenversoza/img0087-190402734d9.jpg]
[m.22slides.com/derrenversoza/img0400-1904028f714.jpg]
[m.22slides.com/derrenversoza/img0551-1904029574c.jpg]
[m.22slides.com/derrenversoza/mg8558-1906254dfe3.jpg]
[m.22slides.com/derrenversoza/mg8647-1906258d8b3.jpg]
[m.22slides.com/derrenversoza/img1301-1906271afb9.jpg]
[m.22slides.com/derrenversoza/img1646-19062786fbf.jpg]
[m.22slides.com/derrenversoza/img6973-1906292473a.jpg]
[m.22slides.com/derrenversoza/img7241-1906295be86.jpg]
[m.22slides.com/derrenversoza/img7403-19062970215.jpg]
[www.derrenversoza.com/fashion-2.html]
[m.22slides.com/derrenversoza/doppler00826-2133613d517.jpg]
[m.22slides.com/derrenversoza/doppler00658-2133615bf5a.jpg]
[m.22slides.com/derrenversoza/cbufaith2img2633-190403218ef.jpg]
[m.22slides.com/derrenversoza/cbufaith2img3118-1904033a9de.jpg]
[m.22slides.com/derrenversoza/cbufaith2img4181-1904035d625.jpg]
[m.22slides.com/derrenversoza/cbufaith2img4371-190403622c9.jpg]
[m.22slides.com/derrenversoza/cbufaith2img4390-16862922706.jpg]
[m.22slides.com/derrenversoza/cbufaith2img4606-1904038b810.jpg]
[m.22slides.com/derrenversoza/img3498-edit-18585226fa0.jpg]
[m.22slides.com/derrenversoza/img3511-edit-185852150f7.jpg]
[m.22slides.com/derrenversoza/img3147-185850437ec.jpg]
[m.22slides.com/derrenversoza/img3191-1858503f479.jpg]
[m.22slides.com/derrenversoza/img3297-1858496e0f1.jpg]
[m.22slides.com/derrenversoza/mg6426-12363296bd5.jpg]
[m.22slides.com/derrenversoza/mg6608-123629884f5.jpg]
[m.22slides.com/derrenversoza/mg4719-123627844e9.jpg]
[m.22slides.com/derrenversoza/mg5653-1236274cf9a.jpg]
[m.22slides.com/derrenversoza/mg5671a-128427562d0.jpg]
[m.22slides.com/derrenversoza/mg4968-12362732f6f.jpg]
[m.22slides.com/derrenversoza/d20566-12363013038.jpg]
[m.22slides.com/derrenversoza/img0710-1064778a0ca.jpg]
[m.22slides.com/derrenversoza/d11065-12363094d30.jpg]
[m.22slides.com/derrenversoza/mg8848-2-106472369a7.jpg]
[m.22slides.com/derrenversoza/d20255-1236302dca6.jpg]
[m.22slides.com/derrenversoza/img0407-1906332b7b4.jpg]
[m.22slides.com/derrenversoza/img0048-19063347e1b.jpg]
[m.22slides.com/derrenversoza/img0162-1906336f8d3.jpg]
[m.22slides.com/derrenversoza/img0465-19063377707.jpg]
[m.22slides.com/derrenversoza/img0092-10647791966.jpg]
[m.22slides.com/derrenversoza/d31213-12363111432.jpg]
[m.22slides.com/derrenversoza/img0379-108024591a7.jpg]
[m.22slides.com/derrenversoza/mg0081-12364481f97.jpg]
[m.22slides.com/derrenversoza/mg9825-12205047bb9.jpg]
[m.22slides.com/derrenversoza/mg0371-12204948fd0.jpg]
[m.22slides.com/derrenversoza/mg0613-122049540f6.jpg]
[m.22slides.com/derrenversoza/mg2806-12309574175.jpg]
[m.22slides.com/derrenversoza/mg3208-12205016aa5.jpg]
[m.22slides.com/derrenversoza/mg3383-12309794639.jpg]
[www.derrenversoza.com/lifestyle.html]
[m.22slides.com/derrenversoza/img9732-1527751c75f.jpg]
[m.22slides.com/derrenversoza/img9732-15277510a4b.jpg]
[m.22slides.com/derrenversoza/img1602-1847746d965.jpg]
[m.22slides.com/derrenversoza/img1602-18477463034.jpg]
[m.22slides.com/derrenversoza/dvp0038-160666551e3.jpg]
[m.22slides.com/derrenversoza/dvp0038-1606665cd69.jpg]
[m.22slides.com/derrenversoza/img1660-1617688164b.jpg]
[m.22slides.com/derrenversoza/img1660-1617688039e.jpg]
[m.22slides.com/derrenversoza/img2309-1678038a39e.jpg]
[m.22slides.com/derrenversoza/img2309-1678038266e.jpg]
[m.22slides.com/derrenversoza/foray166-145891969d9.jpg]
[m.22slides.com/derrenversoza/foray166-145891952f6.jpg]
[m.22slides.com/derrenversoza/foray092-14589179ed8.jpg]
[m.22slides.com/derrenversoza/foray092-1458917bd22.jpg]
[m.22slides.com/derrenversoza/dvp2181-16066385ae3.jpg]
[m.22slides.com/derrenversoza/dvp2181-160663845bd.jpg]
[m.22slides.com/derrenversoza/img3972-17808592e10.jpg]
[m.22slides.com/derrenversoza/img3972-17808592ada.jpg]
[m.22slides.com/derrenversoza/img9118-16176938a5d.jpg]
[m.22slides.com/derrenversoza/img9118-1617693dc7a.jpg]
[m.22slides.com/derrenversoza/img9010-16176903248.jpg]
[m.22slides.com/derrenversoza/img9010-1617690732c.jpg]
[m.22slides.com/derrenversoza/img0099-162324270a3.jpg]
[m.22slides.com/derrenversoza/img0099-16232429881.jpg]
[m.22slides.com/derrenversoza/img7730-152777475e1.jpg]
[m.22slides.com/derrenversoza/img7730-15277745f86.jpg]
[m.22slides.com/derrenversoza/img0006-177958204f1.jpg]
[m.22slides.com/derrenversoza/img0006-1779582e4ad.jpg]
[m.22slides.com/derrenversoza/img0788-1779584ceb5.jpg]
[m.22slides.com/derrenversoza/img0788-1779584dfe7.jpg]
[m.22slides.com/derrenversoza/img0013-10802520f95.jpg]
[m.22slides.com/derrenversoza/img0013-1080252eefb.jpg]
[m.22slides.com/derrenversoza/dvp1695-16066557709.jpg]
[m.22slides.com/derrenversoza/dvp1695-16066557968.jpg]
[m.22slides.com/derrenversoza/foray002-14589059a3a.jpg]
[m.22slides.com/derrenversoza/foray002-14589053515.jpg]
[m.22slides.com/derrenversoza/foray060-14589149e72.jpg]
[m.22slides.com/derrenversoza/foray060-1458914f4fb.jpg]
[m.22slides.com/derrenversoza/dvp1891-16066512920.jpg]
[m.22slides.com/derrenversoza/dvp1891-16066518385.jpg]
[m.22slides.com/derrenversoza/dvp1678-160665680af.jpg]
[m.22slides.com/derrenversoza/dvp1678-16066564743.jpg]
[m.22slides.com/derrenversoza/dvp1976-1606644596d.jpg]
[m.22slides.com/derrenversoza/dvp1976-16066448af6.jpg]
[m.22slides.com/derrenversoza/dvp1905-1606650b80b.jpg]
[m.22slides.com/derrenversoza/dvp1905-16066508796.jpg]
[m.22slides.com/derrenversoza/dvp2376-1606636fcff.jpg]
[m.22slides.com/derrenversoza/dvp2376-16066361e4b.jpg]
[m.22slides.com/derrenversoza/img0837-1847745e20e.jpg]
[m.22slides.com/derrenversoza/img0837-1847745754d.jpg]
[m.22slides.com/derrenversoza/foray085-14589155ed7.jpg]
[m.22slides.com/derrenversoza/foray085-145891552bf.jpg]
[m.22slides.com/derrenversoza/foray207-145892412fc.jpg]
[m.22slides.com/derrenversoza/foray207-145892426ec.jpg]
[m.22slides.com/derrenversoza/img0270-16233158b64.jpg]
[m.22slides.com/derrenversoza/img0270-16233156e62.jpg]
[m.22slides.com/derrenversoza/foray099-1529494148c.jpg]
[m.22slides.com/derrenversoza/foray099-1529494c180.jpg]
[m.22slides.com/derrenversoza/foray054-15294961b18.jpg]
[m.22slides.com/derrenversoza/foray054-152949636d9.jpg]
[m.22slides.com/derrenversoza/img0010-10802506944.jpg]
[m.22slides.com/derrenversoza/img0010-10802506d61.jpg]
[m.22slides.com/derrenversoza/foray166-1529495ee35.jpg]
[m.22slides.com/derrenversoza/foray166-15294956e55.jpg]
[m.22slides.com/derrenversoza/img9733-15277590934.jpg]
[m.22slides.com/derrenversoza/img9733-1527759b2e9.jpg]
[m.22slides.com/derrenversoza/img7681-1527773f417.jpg]
[m.22slides.com/derrenversoza/img7681-152777344b4.jpg]
[m.22slides.com/derrenversoza/img7574-1527780d6a4.jpg]
[m.22slides.com/derrenversoza/img7574-15277800456.jpg]
[m.22slides.com/derrenversoza/img1225-16184724e8c.jpg]
[m.22slides.com/derrenversoza/img1225-161847242e8.jpg]
[m.22slides.com/derrenversoza/img0018-152779028ef.jpg]
[m.22slides.com/derrenversoza/img0018-1527790168e.jpg]
[m.22slides.com/derrenversoza/img1484-13927109774.jpg]
[m.22slides.com/derrenversoza/img1484-1392710ebb9.jpg]
[m.22slides.com/derrenversoza/img2741-167803974f4.jpg]
[m.22slides.com/derrenversoza/img2741-1678039ed4f.jpg]
[m.22slides.com/derrenversoza/img9256-16176953e0e.jpg]
[m.22slides.com/derrenversoza/img9256-16176953d0a.jpg]
[m.22slides.com/derrenversoza/mg3627-1220502d2b9.jpg]
[www.derrenversoza.com/adventures.html]
[m.22slides.com/derrenversoza/mg3627-1220502823f.jpg]
[m.22slides.com/derrenversoza/jpeg-image-da536cb2089f-1-612793b97c.jpg]
[www.derrenversoza.com/contact.html]
[www.derrenversoza.com/images/icons/4/500px.svg]
[www.derrenversoza.com/images/icons/4/aboutme.svg]
[www.derrenversoza.com/images/icons/4/artstation.svg]
[www.derrenversoza.com/images/icons/4/behance.svg]
[www.derrenversoza.com/images/icons/4/blogger.svg]
[www.derrenversoza.com/images/icons/4/dribbble.svg]
[www.derrenversoza.com/images/icons/4/ello.svg]
[www.derrenversoza.com/images/icons/4/etsy.svg]
[www.derrenversoza.com/images/icons/4/email.svg]
[www.derrenversoza.com/images/icons/4/facebook.svg]
[www.derrenversoza.com/images/icons/4/flickr.svg]
[www.derrenversoza.com/images/icons/4/fullscreen.svg]
[www.derrenversoza.com/images/icons/4/github.svg]
[www.derrenversoza.com/images/icons/4/googleplus.svg]
[www.derrenversoza.com/images/icons/4/imdb.svg]
[www.derrenversoza.com/images/icons/4/instagram.svg]
[www.derrenversoza.com/images/icons/4/issuu.svg]
[www.derrenversoza.com/images/icons/4/lastfm.svg]
[www.derrenversoza.com/images/icons/4/linkedin.svg]
[www.derrenversoza.com/images/icons/4/myspace.svg]
[www.derrenversoza.com/images/icons/4/path.svg]
[www.derrenversoza.com/images/icons/4/pinterest.svg]
[www.derrenversoza.com/images/icons/4/posterous.svg]
[www.derrenversoza.com/images/icons/4/skype.svg]
[www.derrenversoza.com/images/icons/4/snapchat.svg]
[www.derrenversoza.com/images/icons/4/soundcloud.svg]
[www.derrenversoza.com/images/icons/4/spotify.svg]
[www.derrenversoza.com/images/icons/4/tumblr.svg]
[www.derrenversoza.com/images/icons/4/twitter.svg]
[www.derrenversoza.com/images/icons/4/vimeo.svg]
[www.derrenversoza.com/images/icons/4/vk.svg]
[www.derrenversoza.com/images/icons/4/vsco.svg]
[www.derrenversoza.com/images/icons/4/whatsapp.svg]
[www.derrenversoza.com/images/icons/4/wordpress.svg]
[www.derrenversoza.com/images/icons/4/yelp.svg]
[www.derrenversoza.com/images/icons/4/youtube.svg]
[www.derrenversoza.com/images/share/facebook.svg]
[www.derrenversoza.com/images/share/twitter.svg]
[www.derrenversoza.com/images/share/pinterest.svg]
[www.derrenversoza.com/images/a-back.svg]
[www.derrenversoza.com/images/a-next.svg]
[www.derrenversoza.com/images/a-close-lightbox.svg]
